// Jest Snapshot v1, https://goo.gl/fbAQLP

exports[`renders correctly 1`] = `
<View
  style={
    Array [
      Object {
        "backgroundColor": "#EEE",
        "flex": 1,
        "flexDirection": "column",
        "justifyContent": "flex-start",
      },
    ]
  }
>
  <RCTScrollView
    data={
      Array [
        Object {
          "iconLeft": "user-circle",
          "onPress": [Function],
          "subtitle": "Modify your display name and preferences",
          "title": "User Profile",
        },
        Object {
          "iconLeft": "compass",
          "onPress": [Function],
          "subtitle": "Test the location tracking system",
          "title": "Force location update",
        },
        Object {
          "iconLeft": "download",
          "onPress": [Function],
          "subtitle": "Install a new version of the app, if available",
          "title": "Check for updates",
        },
        Object {
          "iconLeft": "comments",
          "onPress": [Function],
          "subtitle": "Please post in the Facebook feedback group",
          "title": "Submit feedback",
        },
        Object {
          "iconLeft": "bug",
          "onPress": [Function],
          "subtitle": "Submit a mock bug report to Bugsnag",
          "title": "Test Bugsnag",
        },
        Object {
          "iconLeft": "download",
          "onPress": [Function],
          "subtitle": "Send a notification to this device",
          "title": "Send Test Push Notification",
        },
        Object {
          "iconLeft": "info-circle",
          "onPress": [Function],
          "subtitle": "Display the app version and other details",
          "title": "Internal Parameters",
        },
        Object {
          "iconLeft": "times-circle",
          "onPress": [Function],
          "subtitle": "Sign out of this device",
          "title": "Logout",
        },
      ]
    }
    disableVirtualization={false}
    getItem={[Function]}
    getItemCount={[Function]}
    horizontal={false}
    initialNumToRender={10}
    invertStickyHeaders={undefined}
    keyExtractor={[Function]}
    maxToRenderPerBatch={10}
    numColumns={1}
    onContentSizeChange={[Function]}
    onEndReachedThreshold={2}
    onLayout={[Function]}
    onMomentumScrollEnd={[Function]}
    onScroll={[Function]}
    onScrollBeginDrag={[Function]}
    onScrollEndDrag={[Function]}
    renderItem={[Function]}
    scrollEventThrottle={50}
    stickyHeaderIndices={Array []}
    updateCellsBatchingPeriod={50}
    viewabilityConfigCallbackPairs={Array []}
    windowSize={21}
  >
    <View>
      <View
        onLayout={[Function]}
        style={null}
      >
        <View
          accessibilityComponentType={undefined}
          accessibilityLabel={undefined}
          accessibilityTraits={undefined}
          accessible={true}
          collapsable={undefined}
          hasTVPreferredFocus={undefined}
          hitSlop={undefined}
          isTVSelectable={true}
          nativeID={undefined}
          onLayout={undefined}
          onResponderGrant={[Function]}
          onResponderMove={[Function]}
          onResponderRelease={[Function]}
          onResponderTerminate={[Function]}
          onResponderTerminationRequest={[Function]}
          onStartShouldSetResponder={[Function]}
          style={
            Object {
              "opacity": 1,
            }
          }
          testID={undefined}
          tvParallaxProperties={undefined}
        >
          <View
            style={
              Array [
                Object {
                  "backgroundColor": "white",
                  "borderRadius": 2,
                  "elevation": 1,
                  "flexDirection": "row",
                  "justifyContent": "space-between",
                  "marginBottom": 0,
                  "marginLeft": 10,
                  "marginRight": 10,
                  "marginTop": 6,
                  "paddingBottom": 10,
                  "paddingLeft": 8,
                  "paddingRight": 8,
                  "paddingTop": 10,
                },
              ]
            }
          >
            <View
              style={
                Object {
                  "alignItems": "center",
                  "flexDirection": "row",
                  "justifyContent": "center",
                  "paddingRight": 8,
                  "width": 40,
                }
              }
            >
              <Text
                accessible={true}
                allowFontScaling={false}
                ellipsizeMode="tail"
                style={
                  Array [
                    Object {
                      "color": undefined,
                      "fontSize": 30,
                    },
                    Object {
                      "alignSelf": "center",
                    },
                    Object {
                      "fontFamily": "FontAwesome",
                      "fontStyle": "normal",
                      "fontWeight": "normal",
                    },
                  ]
                }
              >
                
              </Text>
            </View>
            <View
              style={
                Object {
                  "flex": 1,
                  "flexDirection": "column",
                }
              }
            >
              <Text
                accessible={true}
                allowFontScaling={true}
                ellipsizeMode="tail"
                numberOfLines={undefined}
                style={
                  Object {
                    "flex": 0,
                    "fontWeight": "bold",
                    "includeFontPadding": false,
                    "marginRight": 8,
                    "textAlignVertical": "top",
                  }
                }
              >
                User Profile
              </Text>
              <Text
                accessible={true}
                allowFontScaling={true}
                ellipsizeMode="tail"
                numberOfLines={undefined}
                style={
                  Object {
                    "color": "#6B6B6B",
                    "flex": 0,
                    "fontSize": 12,
                    "includeFontPadding": false,
                    "textAlignVertical": "bottom",
                  }
                }
              >
                Modify your display name and preferences
              </Text>
            </View>
          </View>
        </View>
      </View>
      <View
        onLayout={[Function]}
        style={null}
      >
        <View
          accessibilityComponentType={undefined}
          accessibilityLabel={undefined}
          accessibilityTraits={undefined}
          accessible={true}
          collapsable={undefined}
          hasTVPreferredFocus={undefined}
          hitSlop={undefined}
          isTVSelectable={true}
          nativeID={undefined}
          onLayout={undefined}
          onResponderGrant={[Function]}
          onResponderMove={[Function]}
          onResponderRelease={[Function]}
          onResponderTerminate={[Function]}
          onResponderTerminationRequest={[Function]}
          onStartShouldSetResponder={[Function]}
          style={
            Object {
              "opacity": 1,
            }
          }
          testID={undefined}
          tvParallaxProperties={undefined}
        >
          <View
            style={
              Array [
                Object {
                  "backgroundColor": "white",
                  "borderRadius": 2,
                  "elevation": 1,
                  "flexDirection": "row",
                  "justifyContent": "space-between",
                  "marginBottom": 0,
                  "marginLeft": 10,
                  "marginRight": 10,
                  "marginTop": 6,
                  "paddingBottom": 10,
                  "paddingLeft": 8,
                  "paddingRight": 8,
                  "paddingTop": 10,
                },
              ]
            }
          >
            <View
              style={
                Object {
                  "alignItems": "center",
                  "flexDirection": "row",
                  "justifyContent": "center",
                  "paddingRight": 8,
                  "width": 40,
                }
              }
            >
              <Text
                accessible={true}
                allowFontScaling={false}
                ellipsizeMode="tail"
                style={
                  Array [
                    Object {
                      "color": undefined,
                      "fontSize": 30,
                    },
                    Object {
                      "alignSelf": "center",
                    },
                    Object {
                      "fontFamily": "FontAwesome",
                      "fontStyle": "normal",
                      "fontWeight": "normal",
                    },
                  ]
                }
              >
                
              </Text>
            </View>
            <View
              style={
                Object {
                  "flex": 1,
                  "flexDirection": "column",
                }
              }
            >
              <Text
                accessible={true}
                allowFontScaling={true}
                ellipsizeMode="tail"
                numberOfLines={undefined}
                style={
                  Object {
                    "flex": 0,
                    "fontWeight": "bold",
                    "includeFontPadding": false,
                    "marginRight": 8,
                    "textAlignVertical": "top",
                  }
                }
              >
                Force location update
              </Text>
              <Text
                accessible={true}
                allowFontScaling={true}
                ellipsizeMode="tail"
                numberOfLines={undefined}
                style={
                  Object {
                    "color": "#6B6B6B",
                    "flex": 0,
                    "fontSize": 12,
                    "includeFontPadding": false,
                    "textAlignVertical": "bottom",
                  }
                }
              >
                Test the location tracking system
              </Text>
            </View>
          </View>
        </View>
      </View>
      <View
        onLayout={[Function]}
        style={null}
      >
        <View
          accessibilityComponentType={undefined}
          accessibilityLabel={undefined}
          accessibilityTraits={undefined}
          accessible={true}
          collapsable={undefined}
          hasTVPreferredFocus={undefined}
          hitSlop={undefined}
          isTVSelectable={true}
          nativeID={undefined}
          onLayout={undefined}
          onResponderGrant={[Function]}
          onResponderMove={[Function]}
          onResponderRelease={[Function]}
          onResponderTerminate={[Function]}
          onResponderTerminationRequest={[Function]}
          onStartShouldSetResponder={[Function]}
          style={
            Object {
              "opacity": 1,
            }
          }
          testID={undefined}
          tvParallaxProperties={undefined}
        >
          <View
            style={
              Array [
                Object {
                  "backgroundColor": "white",
                  "borderRadius": 2,
                  "elevation": 1,
                  "flexDirection": "row",
                  "justifyContent": "space-between",
                  "marginBottom": 0,
                  "marginLeft": 10,
                  "marginRight": 10,
                  "marginTop": 6,
                  "paddingBottom": 10,
                  "paddingLeft": 8,
                  "paddingRight": 8,
                  "paddingTop": 10,
                },
              ]
            }
          >
            <View
              style={
                Object {
                  "alignItems": "center",
                  "flexDirection": "row",
                  "justifyContent": "center",
                  "paddingRight": 8,
                  "width": 40,
                }
              }
            >
              <Text
                accessible={true}
                allowFontScaling={false}
                ellipsizeMode="tail"
                style={
                  Array [
                    Object {
                      "color": undefined,
                      "fontSize": 30,
                    },
                    Object {
                      "alignSelf": "center",
                    },
                    Object {
                      "fontFamily": "FontAwesome",
                      "fontStyle": "normal",
                      "fontWeight": "normal",
                    },
                  ]
                }
              >
                
              </Text>
            </View>
            <View
              style={
                Object {
                  "flex": 1,
                  "flexDirection": "column",
                }
              }
            >
              <Text
                accessible={true}
                allowFontScaling={true}
                ellipsizeMode="tail"
                numberOfLines={undefined}
                style={
                  Object {
                    "flex": 0,
                    "fontWeight": "bold",
                    "includeFontPadding": false,
                    "marginRight": 8,
                    "textAlignVertical": "top",
                  }
                }
              >
                Check for updates
              </Text>
              <Text
                accessible={true}
                allowFontScaling={true}
                ellipsizeMode="tail"
                numberOfLines={undefined}
                style={
                  Object {
                    "color": "#6B6B6B",
                    "flex": 0,
                    "fontSize": 12,
                    "includeFontPadding": false,
                    "textAlignVertical": "bottom",
                  }
                }
              >
                Install a new version of the app, if available
              </Text>
            </View>
          </View>
        </View>
      </View>
      <View
        onLayout={[Function]}
        style={null}
      >
        <View
          accessibilityComponentType={undefined}
          accessibilityLabel={undefined}
          accessibilityTraits={undefined}
          accessible={true}
          collapsable={undefined}
          hasTVPreferredFocus={undefined}
          hitSlop={undefined}
          isTVSelectable={true}
          nativeID={undefined}
          onLayout={undefined}
          onResponderGrant={[Function]}
          onResponderMove={[Function]}
          onResponderRelease={[Function]}
          onResponderTerminate={[Function]}
          onResponderTerminationRequest={[Function]}
          onStartShouldSetResponder={[Function]}
          style={
            Object {
              "opacity": 1,
            }
          }
          testID={undefined}
          tvParallaxProperties={undefined}
        >
          <View
            style={
              Array [
                Object {
                  "backgroundColor": "white",
                  "borderRadius": 2,
                  "elevation": 1,
                  "flexDirection": "row",
                  "justifyContent": "space-between",
                  "marginBottom": 0,
                  "marginLeft": 10,
                  "marginRight": 10,
                  "marginTop": 6,
                  "paddingBottom": 10,
                  "paddingLeft": 8,
                  "paddingRight": 8,
                  "paddingTop": 10,
                },
              ]
            }
          >
            <View
              style={
                Object {
                  "alignItems": "center",
                  "flexDirection": "row",
                  "justifyContent": "center",
                  "paddingRight": 8,
                  "width": 40,
                }
              }
            >
              <Text
                accessible={true}
                allowFontScaling={false}
                ellipsizeMode="tail"
                style={
                  Array [
                    Object {
                      "color": undefined,
                      "fontSize": 30,
                    },
                    Object {
                      "alignSelf": "center",
                    },
                    Object {
                      "fontFamily": "FontAwesome",
                      "fontStyle": "normal",
                      "fontWeight": "normal",
                    },
                  ]
                }
              >
                
              </Text>
            </View>
            <View
              style={
                Object {
                  "flex": 1,
                  "flexDirection": "column",
                }
              }
            >
              <Text
                accessible={true}
                allowFontScaling={true}
                ellipsizeMode="tail"
                numberOfLines={undefined}
                style={
                  Object {
                    "flex": 0,
                    "fontWeight": "bold",
                    "includeFontPadding": false,
                    "marginRight": 8,
                    "textAlignVertical": "top",
                  }
                }
              >
                Submit feedback
              </Text>
              <Text
                accessible={true}
                allowFontScaling={true}
                ellipsizeMode="tail"
                numberOfLines={undefined}
                style={
                  Object {
                    "color": "#6B6B6B",
                    "flex": 0,
                    "fontSize": 12,
                    "includeFontPadding": false,
                    "textAlignVertical": "bottom",
                  }
                }
              >
                Please post in the Facebook feedback group
              </Text>
            </View>
          </View>
        </View>
      </View>
      <View
        onLayout={[Function]}
        style={null}
      >
        <View
          accessibilityComponentType={undefined}
          accessibilityLabel={undefined}
          accessibilityTraits={undefined}
          accessible={true}
          collapsable={undefined}
          hasTVPreferredFocus={undefined}
          hitSlop={undefined}
          isTVSelectable={true}
          nativeID={undefined}
          onLayout={undefined}
          onResponderGrant={[Function]}
          onResponderMove={[Function]}
          onResponderRelease={[Function]}
          onResponderTerminate={[Function]}
          onResponderTerminationRequest={[Function]}
          onStartShouldSetResponder={[Function]}
          style={
            Object {
              "opacity": 1,
            }
          }
          testID={undefined}
          tvParallaxProperties={undefined}
        >
          <View
            style={
              Array [
                Object {
                  "backgroundColor": "white",
                  "borderRadius": 2,
                  "elevation": 1,
                  "flexDirection": "row",
                  "justifyContent": "space-between",
                  "marginBottom": 0,
                  "marginLeft": 10,
                  "marginRight": 10,
                  "marginTop": 6,
                  "paddingBottom": 10,
                  "paddingLeft": 8,
                  "paddingRight": 8,
                  "paddingTop": 10,
                },
              ]
            }
          >
            <View
              style={
                Object {
                  "alignItems": "center",
                  "flexDirection": "row",
                  "justifyContent": "center",
                  "paddingRight": 8,
                  "width": 40,
                }
              }
            >
              <Text
                accessible={true}
                allowFontScaling={false}
                ellipsizeMode="tail"
                style={
                  Array [
                    Object {
                      "color": undefined,
                      "fontSize": 30,
                    },
                    Object {
                      "alignSelf": "center",
                    },
                    Object {
                      "fontFamily": "FontAwesome",
                      "fontStyle": "normal",
                      "fontWeight": "normal",
                    },
                  ]
                }
              >
                
              </Text>
            </View>
            <View
              style={
                Object {
                  "flex": 1,
                  "flexDirection": "column",
                }
              }
            >
              <Text
                accessible={true}
                allowFontScaling={true}
                ellipsizeMode="tail"
                numberOfLines={undefined}
                style={
                  Object {
                    "flex": 0,
                    "fontWeight": "bold",
                    "includeFontPadding": false,
                    "marginRight": 8,
                    "textAlignVertical": "top",
                  }
                }
              >
                Test Bugsnag
              </Text>
              <Text
                accessible={true}
                allowFontScaling={true}
                ellipsizeMode="tail"
                numberOfLines={undefined}
                style={
                  Object {
                    "color": "#6B6B6B",
                    "flex": 0,
                    "fontSize": 12,
                    "includeFontPadding": false,
                    "textAlignVertical": "bottom",
                  }
                }
              >
                Submit a mock bug report to Bugsnag
              </Text>
            </View>
          </View>
        </View>
      </View>
      <View
        onLayout={[Function]}
        style={null}
      >
        <View
          accessibilityComponentType={undefined}
          accessibilityLabel={undefined}
          accessibilityTraits={undefined}
          accessible={true}
          collapsable={undefined}
          hasTVPreferredFocus={undefined}
          hitSlop={undefined}
          isTVSelectable={true}
          nativeID={undefined}
          onLayout={undefined}
          onResponderGrant={[Function]}
          onResponderMove={[Function]}
          onResponderRelease={[Function]}
          onResponderTerminate={[Function]}
          onResponderTerminationRequest={[Function]}
          onStartShouldSetResponder={[Function]}
          style={
            Object {
              "opacity": 1,
            }
          }
          testID={undefined}
          tvParallaxProperties={undefined}
        >
          <View
            style={
              Array [
                Object {
                  "backgroundColor": "white",
                  "borderRadius": 2,
                  "elevation": 1,
                  "flexDirection": "row",
                  "justifyContent": "space-between",
                  "marginBottom": 0,
                  "marginLeft": 10,
                  "marginRight": 10,
                  "marginTop": 6,
                  "paddingBottom": 10,
                  "paddingLeft": 8,
                  "paddingRight": 8,
                  "paddingTop": 10,
                },
              ]
            }
          >
            <View
              style={
                Object {
                  "alignItems": "center",
                  "flexDirection": "row",
                  "justifyContent": "center",
                  "paddingRight": 8,
                  "width": 40,
                }
              }
            >
              <Text
                accessible={true}
                allowFontScaling={false}
                ellipsizeMode="tail"
                style={
                  Array [
                    Object {
                      "color": undefined,
                      "fontSize": 30,
                    },
                    Object {
                      "alignSelf": "center",
                    },
                    Object {
                      "fontFamily": "FontAwesome",
                      "fontStyle": "normal",
                      "fontWeight": "normal",
                    },
                  ]
                }
              >
                
              </Text>
            </View>
            <View
              style={
                Object {
                  "flex": 1,
                  "flexDirection": "column",
                }
              }
            >
              <Text
                accessible={true}
                allowFontScaling={true}
                ellipsizeMode="tail"
                numberOfLines={undefined}
                style={
                  Object {
                    "flex": 0,
                    "fontWeight": "bold",
                    "includeFontPadding": false,
                    "marginRight": 8,
                    "textAlignVertical": "top",
                  }
                }
              >
                Send Test Push Notification
              </Text>
              <Text
                accessible={true}
                allowFontScaling={true}
                ellipsizeMode="tail"
                numberOfLines={undefined}
                style={
                  Object {
                    "color": "#6B6B6B",
                    "flex": 0,
                    "fontSize": 12,
                    "includeFontPadding": false,
                    "textAlignVertical": "bottom",
                  }
                }
              >
                Send a notification to this device
              </Text>
            </View>
          </View>
        </View>
      </View>
      <View
        onLayout={[Function]}
        style={null}
      >
        <View
          accessibilityComponentType={undefined}
          accessibilityLabel={undefined}
          accessibilityTraits={undefined}
          accessible={true}
          collapsable={undefined}
          hasTVPreferredFocus={undefined}
          hitSlop={undefined}
          isTVSelectable={true}
          nativeID={undefined}
          onLayout={undefined}
          onResponderGrant={[Function]}
          onResponderMove={[Function]}
          onResponderRelease={[Function]}
          onResponderTerminate={[Function]}
          onResponderTerminationRequest={[Function]}
          onStartShouldSetResponder={[Function]}
          style={
            Object {
              "opacity": 1,
            }
          }
          testID={undefined}
          tvParallaxProperties={undefined}
        >
          <View
            style={
              Array [
                Object {
                  "backgroundColor": "white",
                  "borderRadius": 2,
                  "elevation": 1,
                  "flexDirection": "row",
                  "justifyContent": "space-between",
                  "marginBottom": 0,
                  "marginLeft": 10,
                  "marginRight": 10,
                  "marginTop": 6,
                  "paddingBottom": 10,
                  "paddingLeft": 8,
                  "paddingRight": 8,
                  "paddingTop": 10,
                },
              ]
            }
          >
            <View
              style={
                Object {
                  "alignItems": "center",
                  "flexDirection": "row",
                  "justifyContent": "center",
                  "paddingRight": 8,
                  "width": 40,
                }
              }
            >
              <Text
                accessible={true}
                allowFontScaling={false}
                ellipsizeMode="tail"
                style={
                  Array [
                    Object {
                      "color": undefined,
                      "fontSize": 30,
                    },
                    Object {
                      "alignSelf": "center",
                    },
                    Object {
                      "fontFamily": "FontAwesome",
                      "fontStyle": "normal",
                      "fontWeight": "normal",
                    },
                  ]
                }
              >
                
              </Text>
            </View>
            <View
              style={
                Object {
                  "flex": 1,
                  "flexDirection": "column",
                }
              }
            >
              <Text
                accessible={true}
                allowFontScaling={true}
                ellipsizeMode="tail"
                numberOfLines={undefined}
                style={
                  Object {
                    "flex": 0,
                    "fontWeight": "bold",
                    "includeFontPadding": false,
                    "marginRight": 8,
                    "textAlignVertical": "top",
                  }
                }
              >
                Internal Parameters
              </Text>
              <Text
                accessible={true}
                allowFontScaling={true}
                ellipsizeMode="tail"
                numberOfLines={undefined}
                style={
                  Object {
                    "color": "#6B6B6B",
                    "flex": 0,
                    "fontSize": 12,
                    "includeFontPadding": false,
                    "textAlignVertical": "bottom",
                  }
                }
              >
                Display the app version and other details
              </Text>
            </View>
          </View>
        </View>
      </View>
      <View
        onLayout={[Function]}
        style={null}
      >
        <View
          accessibilityComponentType={undefined}
          accessibilityLabel={undefined}
          accessibilityTraits={undefined}
          accessible={true}
          collapsable={undefined}
          hasTVPreferredFocus={undefined}
          hitSlop={undefined}
          isTVSelectable={true}
          nativeID={undefined}
          onLayout={undefined}
          onResponderGrant={[Function]}
          onResponderMove={[Function]}
          onResponderRelease={[Function]}
          onResponderTerminate={[Function]}
          onResponderTerminationRequest={[Function]}
          onStartShouldSetResponder={[Function]}
          style={
            Object {
              "opacity": 1,
            }
          }
          testID={undefined}
          tvParallaxProperties={undefined}
        >
          <View
            style={
              Array [
                Object {
                  "backgroundColor": "white",
                  "borderRadius": 2,
                  "elevation": 1,
                  "flexDirection": "row",
                  "justifyContent": "space-between",
                  "marginBottom": 0,
                  "marginLeft": 10,
                  "marginRight": 10,
                  "marginTop": 6,
                  "paddingBottom": 10,
                  "paddingLeft": 8,
                  "paddingRight": 8,
                  "paddingTop": 10,
                },
              ]
            }
          >
            <View
              style={
                Object {
                  "alignItems": "center",
                  "flexDirection": "row",
                  "justifyContent": "center",
                  "paddingRight": 8,
                  "width": 40,
                }
              }
            >
              <Text
                accessible={true}
                allowFontScaling={false}
                ellipsizeMode="tail"
                style={
                  Array [
                    Object {
                      "color": undefined,
                      "fontSize": 30,
                    },
                    Object {
                      "alignSelf": "center",
                    },
                    Object {
                      "fontFamily": "FontAwesome",
                      "fontStyle": "normal",
                      "fontWeight": "normal",
                    },
                  ]
                }
              >
                
              </Text>
            </View>
            <View
              style={
                Object {
                  "flex": 1,
                  "flexDirection": "column",
                }
              }
            >
              <Text
                accessible={true}
                allowFontScaling={true}
                ellipsizeMode="tail"
                numberOfLines={undefined}
                style={
                  Object {
                    "flex": 0,
                    "fontWeight": "bold",
                    "includeFontPadding": false,
                    "marginRight": 8,
                    "textAlignVertical": "top",
                  }
                }
              >
                Logout
              </Text>
              <Text
                accessible={true}
                allowFontScaling={true}
                ellipsizeMode="tail"
                numberOfLines={undefined}
                style={
                  Object {
                    "color": "#6B6B6B",
                    "flex": 0,
                    "fontSize": 12,
                    "includeFontPadding": false,
                    "textAlignVertical": "bottom",
                  }
                }
              >
                Sign out of this device
              </Text>
            </View>
          </View>
        </View>
      </View>
    </View>
  </RCTScrollView>
</View>
`;
