// Jest Snapshot v1, https://goo.gl/fbAQLP

exports[`renders correctly 1`] = `
<View
  style={
    Object {
      "alignSelf": "flex-start",
      "flexDirection": "column",
    }
  }
>
  <View
    style={
      Object {
        "alignSelf": "flex-start",
        "backgroundColor": "#5A6DFF",
        "borderColor": "#161AF9",
        "borderRadius": 3,
        "borderWidth": 0.5,
        "flex": 0,
        "opacity": 0.8,
        "padding": 1,
      }
    }
  >
    <Text
      accessible={true}
      allowFontScaling={true}
      ellipsizeMode="tail"
      style={
        Array [
          Object {
            "color": "#FFFFFF",
            "fontSize": 10,
            "textAlign": "center",
          },
        ]
      }
    >
      name
    </Text>
    <Text
      accessible={true}
      allowFontScaling={true}
      ellipsizeMode="tail"
      style={
        Array [
          Object {
            "alignSelf": "center",
            "color": "#FFFFFF",
            "fontSize": 8,
          },
        ]
      }
    >
      STATUS
       
      DESTINATION
    </Text>
    <Text
      accessible={true}
      allowFontScaling={true}
      ellipsizeMode="tail"
      style={
        Array [
          Object {
            "alignSelf": "center",
            "color": "#FFFFFF",
            "fontSize": 6,
          },
        ]
      }
    />
  </View>
  <View
    style={
      Object {
        "alignSelf": "center",
        "backgroundColor": "transparent",
        "borderColor": "transparent",
        "borderTopColor": "#D23F44",
        "borderWidth": 4,
        "marginTop": -0.5,
      }
    }
  />
  <View
    style={
      Object {
        "alignSelf": "center",
        "backgroundColor": "transparent",
        "borderColor": "transparent",
        "borderTopColor": "#FF5A5F",
        "borderWidth": 4,
        "marginTop": -9,
      }
    }
  />
</View>
`;
