// Jest Snapshot v1, https://goo.gl/fbAQLP

exports[`renders correctly 1`] = `
<View>
  <Modal
    animationType="fade"
    hardwareAccelerated={false}
    onRequestClose={[Function]}
    transparent={true}
    visible={true}
  >
    <View
      accessibilityComponentType={undefined}
      accessibilityLabel={undefined}
      accessibilityTraits={undefined}
      accessible={true}
      hitSlop={undefined}
      nativeID={undefined}
      onLayout={undefined}
      onResponderGrant={[Function]}
      onResponderMove={[Function]}
      onResponderRelease={[Function]}
      onResponderTerminate={[Function]}
      onResponderTerminationRequest={[Function]}
      onStartShouldSetResponder={[Function]}
      style={
        Object {
          "backgroundColor": "rgba(0,0,0,0.7)",
          "flex": 1,
          "justifyContent": "center",
          "padding": "5%",
        }
      }
      testID={undefined}
    >
      <View
        style={
          Object {
            "alignSelf": "stretch",
          }
        }
      >
        <View
          accessibilityComponentType={undefined}
          accessibilityLabel={undefined}
          accessibilityTraits={undefined}
          accessible={true}
          collapsable={undefined}
          hitSlop={undefined}
          isTVSelectable={true}
          nativeID={undefined}
          onLayout={undefined}
          onResponderGrant={[Function]}
          onResponderMove={[Function]}
          onResponderRelease={[Function]}
          onResponderTerminate={[Function]}
          onResponderTerminationRequest={[Function]}
          onStartShouldSetResponder={[Function]}
          style={
            Object {
              "opacity": 1,
            }
          }
          testID={undefined}
          tvParallaxProperties={undefined}
        >
          <View
            style={
              Object {
                "backgroundColor": "rgba(255,255,255,0.8)",
                "borderRadius": 5,
                "padding": 8,
              }
            }
          >
            <Text
              accessible={true}
              allowFontScaling={true}
              ellipsizeMode="tail"
              style={
                Object {
                  "color": "#333",
                  "fontSize": 16,
                  "textAlign": "center",
                }
              }
            >
              title
            </Text>
          </View>
        </View>
      </View>
      <View
        style={
          Object {
            "backgroundColor": "rgba(255,255,255,0.8)",
            "borderRadius": 5,
            "flexShrink": 1,
            "marginBottom": 8,
            "marginTop": 8,
            "padding": 8,
          }
        }
      >
        <View>
          <View
            style={
              Object {
                "paddingHorizontal": 10,
              }
            }
          >
            <TextInput
              allowFontScaling={true}
              keyboardType="numeric"
              maxLength={10}
              onChangeText={[Function]}
              placeholder="placeHolder"
              style={
                Object {
                  "color": "red",
                  "fontSize": 20,
                  "height": 100,
                  "textAlign": "center",
                }
              }
            />
          </View>
        </View>
      </View>
      <View
        style={
          Object {
            "alignSelf": "stretch",
          }
        }
      >
        <View
          accessibilityComponentType={undefined}
          accessibilityLabel={undefined}
          accessibilityTraits={undefined}
          accessible={true}
          collapsable={undefined}
          hitSlop={undefined}
          isTVSelectable={true}
          nativeID={undefined}
          onLayout={undefined}
          onResponderGrant={[Function]}
          onResponderMove={[Function]}
          onResponderRelease={[Function]}
          onResponderTerminate={[Function]}
          onResponderTerminationRequest={[Function]}
          onStartShouldSetResponder={[Function]}
          style={
            Object {
              "opacity": 1,
            }
          }
          testID={undefined}
          tvParallaxProperties={undefined}
        >
          <View
            style={
              Object {
                "backgroundColor": "rgba(255,255,255,0.8)",
                "borderRadius": 5,
                "marginBottom": 8,
                "padding": 8,
              }
            }
          >
            <Text
              accessible={true}
              allowFontScaling={true}
              ellipsizeMode="tail"
              style={
                Object {
                  "color": "green",
                  "fontSize": 16,
                  "textAlign": "center",
                }
              }
            >
              Next
            </Text>
          </View>
        </View>
      </View>
      <View
        style={
          Object {
            "alignSelf": "stretch",
          }
        }
      >
        <View
          accessibilityComponentType={undefined}
          accessibilityLabel={undefined}
          accessibilityTraits={undefined}
          accessible={true}
          collapsable={undefined}
          hitSlop={undefined}
          isTVSelectable={true}
          nativeID={undefined}
          onLayout={undefined}
          onResponderGrant={[Function]}
          onResponderMove={[Function]}
          onResponderRelease={[Function]}
          onResponderTerminate={[Function]}
          onResponderTerminationRequest={[Function]}
          onStartShouldSetResponder={[Function]}
          style={
            Object {
              "opacity": 1,
            }
          }
          testID={undefined}
          tvParallaxProperties={undefined}
        >
          <View
            style={
              Object {
                "backgroundColor": "rgba(255,255,255,0.8)",
                "borderRadius": 5,
                "padding": 8,
              }
            }
          >
            <Text
              accessible={true}
              allowFontScaling={true}
              ellipsizeMode="tail"
              style={
                Object {
                  "color": "#333",
                  "fontSize": 16,
                  "textAlign": "center",
                }
              }
            >
              Back
            </Text>
          </View>
        </View>
      </View>
    </View>
  </Modal>
</View>
`;
