// Jest Snapshot v1, https://goo.gl/fbAQLP

exports[`renders correctly 1`] = `
<View>
  <View
    style={
      Array [
        Object {
          "backgroundColor": "white",
          "borderRadius": 2,
          "elevation": 1,
          "flexDirection": "row",
          "justifyContent": "space-between",
          "marginBottom": 0,
          "marginLeft": 10,
          "marginRight": 10,
          "marginTop": 6,
          "paddingBottom": 10,
          "paddingLeft": 8,
          "paddingRight": 8,
          "paddingTop": 10,
        },
      ]
    }
  >
    <View
      style={
        Object {
          "flexDirection": "column",
          "flexShrink": 1,
        }
      }
    >
      <Text
        accessible={true}
        allowFontScaling={true}
        ellipsizeMode="tail"
        style={
          Object {
            "flex": 0,
            "fontWeight": "bold",
            "includeFontPadding": false,
            "marginRight": 8,
            "textAlignVertical": "top",
          }
        }
      >
        title
      </Text>
      <Text
        accessible={true}
        allowFontScaling={true}
        ellipsizeMode="tail"
        style={
          Object {
            "color": "#6B6B6B",
            "flex": 0,
            "fontSize": 12,
            "includeFontPadding": false,
            "textAlignVertical": "bottom",
          }
        }
      >
        text
      </Text>
    </View>
  </View>
</View>
`;
